Copyright 1986-2015 Xilinx, Inc. All Rights Reserved.
---------------------------------------------------------------------------------------------
| Tool Version : Vivado v.2015.4 (win64) Build 1412921 Wed Nov 18 09:43:45 MST 2015
| Date         : Tue Mar 29 14:41:18 2016
| Host         : jesse-lap running 64-bit major release  (build 9200)
| Command      : report_control_sets -verbose -file design_1_wrapper_control_sets_placed.rpt
| Design       : design_1_wrapper
| Device       : xc7a100t
---------------------------------------------------------------------------------------------

Control Set Information

Table of Contents
-----------------
1. Summary
2. Flip-Flop Distribution
3. Detailed Control Set Information

1. Summary
----------

+-------------------------------------------------------------------+-------+
|                               Status                              | Count |
+-------------------------------------------------------------------+-------+
| Number of unique control sets                                     |   134 |
| Minimum Number of register sites lost to control set restrictions |   417 |
+-------------------------------------------------------------------+-------+


2. Flip-Flop Distribution
-------------------------

+--------------+-----------------------+------------------------+-----------------+--------------+
| Clock Enable | Synchronous Set/Reset | Asynchronous Set/Reset | Total Registers | Total Slices |
+--------------+-----------------------+------------------------+-----------------+--------------+
| No           | No                    | No                     |             387 |          159 |
| No           | No                    | Yes                    |             135 |           44 |
| No           | Yes                   | No                     |             535 |          194 |
| Yes          | No                    | No                     |             295 |           87 |
| Yes          | No                    | Yes                    |             102 |           22 |
| Yes          | Yes                   | No                     |            1049 |          346 |
+--------------+-----------------------+------------------------+-----------------+--------------+


3. Detailed Control Set Information
-----------------------------------

+--------------------------------------+----------------------------------------------------------------------------------------------------------------------------------------------------------------------------------------------------------------------------------------+--------------------------------------------------------------------------------------------------------------------------------------------------------------------------------------------------------------------------------------+------------------+----------------+
|             Clock Signal             |                                                                                                              Enable Signal                                                                                                             |                                                                                                           Set/Reset Signal                                                                                                           | Slice Load Count | Bel Load Count |
+--------------------------------------+----------------------------------------------------------------------------------------------------------------------------------------------------------------------------------------------------------------------------------------+--------------------------------------------------------------------------------------------------------------------------------------------------------------------------------------------------------------------------------------+------------------+----------------+
|  design_1_i/mdm_1/U0/Ext_JTAG_UPDATE | design_1_i/microblaze_0/U0/MicroBlaze_Core_I/Performance.Core/Use_Debug_Logic.Master_Core.Debug_Perf/Control_Reg_En                                                                                                                    | design_1_i/microblaze_0/U0/MicroBlaze_Core_I/Performance.Core/Use_Debug_Logic.Master_Core.Debug_Perf/Performace_Debug_Control.force_stop_cmd_1_reg_0                                                                                 |                1 |              1 |
| ~design_1_i/mdm_1/U0/Ext_JTAG_UPDATE |                                                                                                                                                                                                                                        | design_1_i/mdm_1/U0/MDM_Core_I1/JTAG_CONTROL_I/I0                                                                                                                                                                                    |                1 |              1 |
|  design_1_i/mdm_1/U0/Ext_JTAG_UPDATE | design_1_i/microblaze_0/U0/MicroBlaze_Core_I/Performance.Core/Use_Debug_Logic.Master_Core.Debug_Perf/Control_Reg_En                                                                                                                    | design_1_i/microblaze_0/U0/MicroBlaze_Core_I/Performance.Core/Use_Debug_Logic.Master_Core.Debug_Perf/start_single_step_reg_n_0                                                                                                       |                1 |              1 |
|  design_1_i/mdm_1/U0/Ext_JTAG_UPDATE | design_1_i/microblaze_0/U0/MicroBlaze_Core_I/Performance.Core/Use_Debug_Logic.Master_Core.Debug_Perf/Control_Reg_En                                                                                                                    | design_1_i/microblaze_0/U0/MicroBlaze_Core_I/Performance.Core/Use_Debug_Logic.Master_Core.Debug_Perf/normal_stop_cmd_i_reg_n_0                                                                                                       |                1 |              1 |
|  design_1_i/clk_wiz_1/inst/clk_out1  | design_1_i/microblaze_0/U0/MicroBlaze_Core_I/Performance.Core/Data_Flow_I/FPU_I/Use_FPU.FPU_DIV_I/mem_R[7]_i_1_n_0                                                                                                                     | design_1_i/microblaze_0/U0/MicroBlaze_Core_I/Performance.Core/Decode_I/Use_MuxCy[3].OF_Piperun_Stage/MUXCY_I/mem_div_iterate1                                                                                                        |                1 |              1 |
|  design_1_i/clk_wiz_1/inst/clk_out1  | design_1_i/microblaze_0/U0/MicroBlaze_Core_I/Performance.Core/Data_Flow_I/Using_Div_Unit.Div_unit_I1/MEM_Div_Overflow_i_1_n_0                                                                                                          | design_1_i/microblaze_0/U0/MicroBlaze_Core_I/Reset_DFF/sync[2]                                                                                                                                                                       |                1 |              1 |
|  design_1_i/mdm_1/U0/Ext_JTAG_UPDATE | design_1_i/microblaze_0/U0/MicroBlaze_Core_I/Performance.Core/Use_Debug_Logic.Master_Core.Debug_Perf/Control_Reg_En                                                                                                                    | design_1_i/microblaze_0/U0/MicroBlaze_Core_I/Performance.Core/Use_Debug_Logic.Master_Core.Debug_Perf/continue_from_brk_reg_n_0                                                                                                       |                1 |              1 |
|  design_1_i/clk_wiz_1/inst/clk_out1  | design_1_i/microblaze_0/U0/MicroBlaze_Core_I/Performance.Core/Data_Flow_I/Using_Div_Unit.Div_unit_I1/ex_hold_div_overflow_i_1_n_0                                                                                                      | design_1_i/microblaze_0/U0/MicroBlaze_Core_I/Reset_DFF/sync[2]                                                                                                                                                                       |                1 |              1 |
| ~design_1_i/mdm_1/U0/Ext_JTAG_DRCK   | design_1_i/mdm_1/U0/MDM_Core_I1/JTAG_CONTROL_I/CE                                                                                                                                                                                      | design_1_i/mdm_1/U0/MDM_Core_I1/JTAG_CONTROL_I/D                                                                                                                                                                                     |                1 |              1 |
|  design_1_i/clk_wiz_1/inst/clk_out1  | design_1_i/microblaze_0/U0/MicroBlaze_Core_I/Performance.Core/Decode_I/Use_MuxCy[10].OF_Piperun_Stage/MUXCY_I/Use_BTC_2.ex_jump_wanted_keep_reg                                                                                        | design_1_i/microblaze_0/U0/MicroBlaze_Core_I/Reset_DFF/sync[2]                                                                                                                                                                       |                1 |              1 |
|  design_1_i/clk_wiz_1/inst/clk_out1  |                                                                                                                                                                                                                                        | design_1_i/axi_quad_spi_0/U0/QSPI_LEGACY_MD_GEN.QSPI_CORE_INTERFACE_I/FIFO_EXISTS.TX_FIFO_II/USE_2N_DEPTH.V6_S6_AND_LATER.I_ASYNC_FIFO_BRAM/inst_fifo_gen/gconvfifo.rf/grf.rf/rstblk/rst_wr_reg2                                     |                1 |              1 |
|  design_1_i/clk_wiz_1/inst/clk_out1  |                                                                                                                                                                                                                                        | design_1_i/axi_quad_spi_0/U0/QSPI_LEGACY_MD_GEN.QSPI_CORE_INTERFACE_I/FIFO_EXISTS.TX_FIFO_II/USE_2N_DEPTH.V6_S6_AND_LATER.I_ASYNC_FIFO_BRAM/inst_fifo_gen/gconvfifo.rf/grf.rf/rstblk/rst_rd_reg2                                     |                1 |              1 |
|  design_1_i/clk_wiz_1/inst/clk_out1  | design_1_i/microblaze_0/U0/MicroBlaze_Core_I/Performance.Core/Data_Flow_I/FPU_I/Use_FPU.FPU_DIV_I/mem_start_div                                                                                                                        | design_1_i/microblaze_0/U0/MicroBlaze_Core_I/Performance.Core/Data_Flow_I/Data_Flow_Logic_I/MEM_Div_Dec_Exp_4_reg_0[0]                                                                                                               |                1 |              1 |
|  design_1_i/clk_wiz_1/inst/clk_out1  |                                                                                                                                                                                                                                        | design_1_i/microblaze_0/U0/MicroBlaze_Core_I/Performance.Core/Use_Debug_Logic.Master_Core.Debug_Perf/capture_1                                                                                                                       |                1 |              1 |
|  design_1_i/clk_wiz_1/inst/clk_out1  | design_1_i/microblaze_0/U0/MicroBlaze_Core_I/Performance.Core/Decode_I/R_reg[32][0]                                                                                                                                                    |                                                                                                                                                                                                                                      |                1 |              1 |
|  design_1_i/clk_wiz_1/inst/clk_out1  |                                                                                                                                                                                                                                        | design_1_i/axi_quad_spi_0/U0/QSPI_LEGACY_MD_GEN.QSPI_CORE_INTERFACE_I/FIFO_EXISTS.RX_FIFO_II/USE_2N_DEPTH.V6_S6_AND_LATER.I_ASYNC_FIFO_BRAM/inst_fifo_gen/gconvfifo.rf/grf.rf/rstblk/rst_wr_reg2                                     |                1 |              1 |
|  design_1_i/clk_wiz_1/inst/clk_out1  |                                                                                                                                                                                                                                        | design_1_i/axi_quad_spi_0/U0/QSPI_LEGACY_MD_GEN.QSPI_CORE_INTERFACE_I/FIFO_EXISTS.RX_FIFO_II/USE_2N_DEPTH.V6_S6_AND_LATER.I_ASYNC_FIFO_BRAM/inst_fifo_gen/gconvfifo.rf/grf.rf/rstblk/rst_rd_reg2                                     |                1 |              1 |
|  design_1_i/clk_wiz_1/inst/clk_out1  |                                                                                                                                                                                                                                        | design_1_i/microblaze_0/U0/MicroBlaze_Core_I/Performance.Core/Decode_I/Using_FPGA.Native_3                                                                                                                                           |                1 |              1 |
|  design_1_i/clk_wiz_1/inst/clk_out1  |                                                                                                                                                                                                                                        | design_1_i/axi_quad_spi_0/U0/QSPI_LEGACY_MD_GEN.QSPI_CORE_INTERFACE_I/FIFO_EXISTS.TX_FIFO_II/USE_2N_DEPTH.V6_S6_AND_LATER.I_ASYNC_FIFO_BRAM/inst_fifo_gen/gconvfifo.rf/grf.rf/rstblk/rst_d2                                          |                1 |              2 |
|  design_1_i/mdm_1/U0/Ext_JTAG_UPDATE | design_1_i/microblaze_0/U0/MicroBlaze_Core_I/Performance.Core/Use_Debug_Logic.Master_Core.Debug_Perf/Command_Reg_En                                                                                                                    | design_1_i/microblaze_0/U0/MicroBlaze_Core_I/Performance.Core/Use_Debug_Logic.Master_Core.Debug_Perf/command_reg_clear                                                                                                               |                1 |              2 |
|  design_1_i/clk_wiz_1/inst/clk_out1  |                                                                                                                                                                                                                                        | design_1_i/axi_quad_spi_0/U0/QSPI_LEGACY_MD_GEN.QSPI_CORE_INTERFACE_I/FIFO_EXISTS.TX_FIFO_II/USE_2N_DEPTH.V6_S6_AND_LATER.I_ASYNC_FIFO_BRAM/inst_fifo_gen/gconvfifo.rf/grf.rf/rstblk/ngwrdrst.grst.g7serrst.wr_rst_reg[1]_i_1__0_n_0 |                1 |              2 |
|  design_1_i/clk_wiz_1/inst/clk_out1  |                                                                                                                                                                                                                                        | design_1_i/axi_quad_spi_0/U0/QSPI_LEGACY_MD_GEN.QSPI_CORE_INTERFACE_I/FIFO_EXISTS.RX_FIFO_II/USE_2N_DEPTH.V6_S6_AND_LATER.I_ASYNC_FIFO_BRAM/inst_fifo_gen/gconvfifo.rf/grf.rf/rstblk/rst_d2                                          |                2 |              2 |
|  design_1_i/clk_wiz_1/inst/clk_out1  |                                                                                                                                                                                                                                        | design_1_i/axi_quad_spi_0/U0/QSPI_LEGACY_MD_GEN.QSPI_CORE_INTERFACE_I/FIFO_EXISTS.RX_FIFO_II/USE_2N_DEPTH.V6_S6_AND_LATER.I_ASYNC_FIFO_BRAM/inst_fifo_gen/gconvfifo.rf/grf.rf/rstblk/ngwrdrst.grst.g7serrst.wr_rst_reg[1]_i_1_n_0    |                1 |              2 |
|  design_1_i/clk_wiz_1/inst/clk_out1  |                                                                                                                                                                                                                                        | design_1_i/axi_quad_spi_0/U0/QSPI_LEGACY_MD_GEN.QSPI_CORE_INTERFACE_I/FIFO_EXISTS.TX_FIFO_II/USE_2N_DEPTH.V6_S6_AND_LATER.I_ASYNC_FIFO_BRAM/inst_fifo_gen/gconvfifo.rf/grf.rf/rstblk/ngwrdrst.grst.g7serrst.rd_rst_reg[2]_i_1__0_n_0 |                2 |              3 |
|  design_1_i/mdm_1/U0/Ext_JTAG_UPDATE |                                                                                                                                                                                                                                        |                                                                                                                                                                                                                                      |                2 |              3 |
|  design_1_i/clk_wiz_1/inst/clk_out1  |                                                                                                                                                                                                                                        | design_1_i/axi_quad_spi_0/U0/QSPI_LEGACY_MD_GEN.QSPI_CORE_INTERFACE_I/FIFO_EXISTS.RX_FIFO_II/USE_2N_DEPTH.V6_S6_AND_LATER.I_ASYNC_FIFO_BRAM/inst_fifo_gen/gconvfifo.rf/grf.rf/rstblk/ngwrdrst.grst.g7serrst.rd_rst_reg[2]_i_1_n_0    |                1 |              3 |
|  design_1_i/mdm_1/U0/Ext_JTAG_UPDATE | design_1_i/microblaze_0/U0/MicroBlaze_Core_I/Performance.Core/Use_Debug_Logic.Master_Core.Debug_Perf/Control_Reg_En                                                                                                                    |                                                                                                                                                                                                                                      |                2 |              4 |
|  design_1_i/mdm_1/U0/Ext_JTAG_UPDATE | design_1_i/mdm_1/U0/MDM_Core_I1/MDM_SEL                                                                                                                                                                                                | design_1_i/mdm_1/U0/MDM_Core_I1/sel_n_reset                                                                                                                                                                                          |                1 |              4 |
|  design_1_i/clk_wiz_1/inst/clk_out1  |                                                                                                                                                                                                                                        | design_1_i/io_sd_ctrl/U0/AXI_LITE_IPIF_I/I_SLAVE_ATTACHMENT/INCLUDE_DPHASE_TIMER.dpto_cnt[3]_i_1_n_0                                                                                                                                 |                1 |              4 |
|  design_1_i/clk_wiz_1/inst/clk_out1  | design_1_i/microblaze_0/U0/MicroBlaze_Core_I/Performance.Core/Decode_I/wb_MSR_i_reg[30][0]                                                                                                                                             | design_1_i/microblaze_0/U0/MicroBlaze_Core_I/Reset_DFF/sync[2]                                                                                                                                                                       |                1 |              4 |
|  design_1_i/clk_wiz_1/inst/clk_out1  |                                                                                                                                                                                                                                        | design_1_i/io_sd_cd/U0/AXI_LITE_IPIF_I/I_SLAVE_ATTACHMENT/INCLUDE_DPHASE_TIMER.dpto_cnt[3]_i_1_n_0                                                                                                                                   |                2 |              4 |
|  design_1_i/clk_wiz_1/inst/clk_out1  |                                                                                                                                                                                                                                        | design_1_i/microblaze_0/U0/MicroBlaze_Core_I/Performance.Core/Decode_I/flush_pipe                                                                                                                                                    |                3 |              4 |
|  design_1_i/mdm_1/U0/Ext_JTAG_DRCK   | design_1_i/mdm_1/U0/MDM_Core_I1/TDI_Shifter0                                                                                                                                                                                           | design_1_i/mdm_1/U0/MDM_Core_I1/sel_n_reset                                                                                                                                                                                          |                1 |              4 |
|  design_1_i/clk_wiz_1/inst/clk_out1  |                                                                                                                                                                                                                                        | design_1_i/rst_clk_wiz_1_100M/U0/bus_struct_reset[0]                                                                                                                                                                                 |                1 |              4 |
|  design_1_i/clk_wiz_1/inst/clk_out1  | design_1_i/axi_quad_spi_0/U0/QSPI_LEGACY_MD_GEN.QSPI_CORE_INTERFACE_I/FIFO_EXISTS.CLK_CROSS_I/icount_out_reg[0]_0                                                                                                                      |                                                                                                                                                                                                                                      |                2 |              4 |
|  design_1_i/clk_wiz_1/inst/clk_out1  | design_1_i/axi_uartlite_0/U0/UARTLITE_CORE_I/BAUD_RATE_I/en_16x_Baud                                                                                                                                                                   |                                                                                                                                                                                                                                      |                4 |              4 |
|  design_1_i/clk_wiz_1/inst/clk_out1  | design_1_i/axi_uartlite_0/U0/AXI_LITE_IPIF_I/I_SLAVE_ATTACHMENT/start2                                                                                                                                                                 | design_1_i/axi_uartlite_0/U0/AXI_LITE_IPIF_I/I_SLAVE_ATTACHMENT/I_DECODER/cs_ce_clr                                                                                                                                                  |                1 |              4 |
|  design_1_i/clk_wiz_1/inst/clk_out1  | design_1_i/axi_quad_spi_0/U0/QSPI_LEGACY_MD_GEN.QSPI_CORE_INTERFACE_I/SOFT_RESET_I/icount_out_reg[0]_1                                                                                                                                 |                                                                                                                                                                                                                                      |                2 |              4 |
| ~design_1_i/mdm_1/U0/Ext_JTAG_UPDATE |                                                                                                                                                                                                                                        | design_1_i/mdm_1/U0/MDM_Core_I1/sel_n_reset                                                                                                                                                                                          |                1 |              4 |
|  design_1_i/clk_wiz_1/inst/clk_out1  |                                                                                                                                                                                                                                        | design_1_i/rst_clk_wiz_1_100M/U0/EXT_LPF/lpf_int                                                                                                                                                                                     |                3 |              5 |
|  design_1_i/clk_wiz_1/inst/clk_out1  |                                                                                                                                                                                                                                        | design_1_i/microblaze_0/U0/MicroBlaze_Core_I/Performance.Core/Data_Flow_I/FPU_I/Use_FPU.FPU_ADDSUB_I/mem_left_shift_4                                                                                                                |                2 |              5 |
|  design_1_i/clk_wiz_1/inst/clk_out1  | design_1_i/microblaze_0/U0/MicroBlaze_Core_I/Performance.Core/Data_Flow_I/FPU_I/Use_FPU.Using_FPGA_3.Gen_Bits[3].mem_fpu_norm_delay_Inst/E[0]                                                                                          | design_1_i/microblaze_0/U0/MicroBlaze_Core_I/Reset_DFF/sync[2]                                                                                                                                                                       |                2 |              5 |
|  design_1_i/clk_wiz_1/inst/clk_out1  |                                                                                                                                                                                                                                        | design_1_i/axi_quad_spi_0/U0/QSPI_LEGACY_MD_GEN.QSPI_CORE_INTERFACE_I/FIFO_EXISTS.RX_FIFO_II/USE_2N_DEPTH.V6_S6_AND_LATER.I_ASYNC_FIFO_BRAM/inst_fifo_gen/gconvfifo.rf/grf.rf/rstblk/Q[2]                                            |                2 |              5 |
|  design_1_i/clk_wiz_1/inst/clk_out1  | design_1_i/microblaze_0/U0/MicroBlaze_Core_I/Performance.Core/Decode_I/Use_MuxCy[10].OF_Piperun_Stage/MUXCY_I/lopt_6                                                                                                                   | design_1_i/microblaze_0/U0/MicroBlaze_Core_I/Reset_DFF/Use_FPU.WB_FSR_reg[27][0]                                                                                                                                                     |                1 |              5 |
|  design_1_i/clk_wiz_1/inst/clk_out1  |                                                                                                                                                                                                                                        | design_1_i/axi_quad_spi_0/U0/QSPI_LEGACY_MD_GEN.QSPI_CORE_INTERFACE_I/FIFO_EXISTS.TX_FIFO_II/USE_2N_DEPTH.V6_S6_AND_LATER.I_ASYNC_FIFO_BRAM/inst_fifo_gen/gconvfifo.rf/grf.rf/rstblk/Q[2]                                            |                2 |              5 |
|  design_1_i/clk_wiz_1/inst/clk_out1  | design_1_i/axi_quad_spi_0/U0/QSPI_LEGACY_MD_GEN.AXI_LITE_IPIF_I/I_SLAVE_ATTACHMENT/bus2ip_addr_i[6]_i_1_n_0                                                                                                                            | design_1_i/axi_quad_spi_0/U0/QSPI_LEGACY_MD_GEN.AXI_LITE_IPIF_I/I_SLAVE_ATTACHMENT/SR                                                                                                                                                |                1 |              5 |
|  design_1_i/clk_wiz_1/inst/clk_out1  | design_1_i/axi_quad_spi_0/U0/QSPI_LEGACY_MD_GEN.QSPI_CORE_INTERFACE_I/LOGIC_FOR_MD_0_GEN.SPI_MODULE_I/OTHER_RATIO_GENERATE.Count[4]_i_2_n_0                                                                                            | design_1_i/axi_quad_spi_0/U0/QSPI_LEGACY_MD_GEN.QSPI_CORE_INTERFACE_I/LOGIC_FOR_MD_0_GEN.SPI_MODULE_I/OTHER_RATIO_GENERATE.Count[4]_i_1_n_0                                                                                          |                2 |              5 |
|  design_1_i/clk_wiz_1/inst/clk_out1  | design_1_i/microblaze_0/U0/MicroBlaze_Core_I/Performance.Core/Decode_I/wb_Halted                                                                                                                                                       | design_1_i/microblaze_0/U0/MicroBlaze_Core_I/Reset_DFF/sync[2]                                                                                                                                                                       |                2 |              5 |
|  design_1_i/mdm_1/U0/Ext_JTAG_DRCK   | design_1_i/mdm_1/U0/MDM_Core_I1/JTAG_CONTROL_I/sample_1[15]_i_1_n_0                                                                                                                                                                    |                                                                                                                                                                                                                                      |                1 |              6 |
|  design_1_i/clk_wiz_1/inst/clk_out1  |                                                                                                                                                                                                                                        | design_1_i/axi_quad_spi_0/U0/QSPI_LEGACY_MD_GEN.AXI_LITE_IPIF_I/I_SLAVE_ATTACHMENT/clear                                                                                                                                             |                2 |              6 |
|  design_1_i/mdm_1/U0/Ext_JTAG_DRCK   | design_1_i/mdm_1/U0/MDM_Core_I1/JTAG_CONTROL_I/completion_status[15]_i_1_n_0                                                                                                                                                           |                                                                                                                                                                                                                                      |                1 |              6 |
|  design_1_i/mdm_1/U0/Ext_JTAG_DRCK   | design_1_i/mdm_1/U0/MDM_Core_I1/JTAG_CONTROL_I/count[0]__0_i_1_n_0                                                                                                                                                                     |                                                                                                                                                                                                                                      |                2 |              6 |
|  design_1_i/clk_wiz_1/inst/clk_out1  | design_1_i/microblaze_0/U0/MicroBlaze_Core_I/Performance.Core/Data_Flow_I/FPU_I/Use_FPU.mem_Res_Type_3_reg[7]_0[0]                                                                                                                     |                                                                                                                                                                                                                                      |                2 |              6 |
|  design_1_i/clk_wiz_1/inst/clk_out1  | design_1_i/rst_clk_wiz_1_100M/U0/SEQ/seq_cnt_en                                                                                                                                                                                        | design_1_i/rst_clk_wiz_1_100M/U0/SEQ/SEQ_COUNTER/clear                                                                                                                                                                               |                1 |              6 |
|  design_1_i/clk_wiz_1/inst/clk_out1  |                                                                                                                                                                                                                                        | design_1_i/axi_uartlite_0/U0/UARTLITE_CORE_I/UARTLITE_TX_I/SRL_FIFO_I/I_SRL_FIFO_RBU_F/CNTR_INCR_DECR_ADDN_F_I/SS[0]                                                                                                                 |                2 |              6 |
|  design_1_i/clk_wiz_1/inst/clk_out1  |                                                                                                                                                                                                                                        | design_1_i/axi_uartlite_0/U0/UARTLITE_CORE_I/UARTLITE_RX_I/SRL_FIFO_I/I_SRL_FIFO_RBU_F/CNTR_INCR_DECR_ADDN_F_I/SS[0]                                                                                                                 |                2 |              6 |
|  design_1_i/clk_wiz_1/inst/clk_out1  |                                                                                                                                                                                                                                        | design_1_i/axi_quad_spi_0/U0/QSPI_LEGACY_MD_GEN.QSPI_CORE_INTERFACE_I/FIFO_EXISTS.CLK_CROSS_I/rx_fifo_reset                                                                                                                          |                2 |              7 |
|  design_1_i/clk_wiz_1/inst/clk_out1  |                                                                                                                                                                                                                                        | design_1_i/axi_quad_spi_0/U0/QSPI_LEGACY_MD_GEN.QSPI_CORE_INTERFACE_I/SOFT_RESET_I/reset_TxFIFO_ptr_int                                                                                                                              |                3 |              7 |
|  design_1_i/clk_wiz_1/inst/clk_out1  | design_1_i/axi_uartlite_0/U0/AXI_LITE_IPIF_I/I_SLAVE_ATTACHMENT/I_DECODER/sel                                                                                                                                                          |                                                                                                                                                                                                                                      |                1 |              8 |
|  design_1_i/clk_wiz_1/inst/clk_out1  | design_1_i/axi_quad_spi_0/U0/QSPI_LEGACY_MD_GEN.QSPI_CORE_INTERFACE_I/LOGIC_FOR_MD_0_GEN.SPI_MODULE_I/E[0]                                                                                                                             | design_1_i/axi_quad_spi_0/U0/QSPI_LEGACY_MD_GEN.QSPI_CORE_INTERFACE_I/FIFO_EXISTS.TX_FIFO_II/USE_2N_DEPTH.V6_S6_AND_LATER.I_ASYNC_FIFO_BRAM/inst_fifo_gen/gconvfifo.rf/grf.rf/rstblk/Q[0]                                            |                1 |              8 |
|  design_1_i/clk_wiz_1/inst/clk_out1  | design_1_i/axi_quad_spi_0/U0/QSPI_LEGACY_MD_GEN.QSPI_CORE_INTERFACE_I/LOGIC_FOR_MD_0_GEN.SPI_MODULE_I/p_30_out                                                                                                                         | design_1_i/axi_quad_spi_0/U0/QSPI_LEGACY_MD_GEN.QSPI_CORE_INTERFACE_I/RESET_SYNC_AXI_SPI_CLK_INST/Rst_to_spi                                                                                                                         |                1 |              8 |
|  design_1_i/clk_wiz_1/inst/clk_out1  | design_1_i/axi_quad_spi_0/U0/QSPI_LEGACY_MD_GEN.QSPI_CORE_INTERFACE_I/LOGIC_FOR_MD_0_GEN.SPI_MODULE_I/p_28_out                                                                                                                         | design_1_i/axi_quad_spi_0/U0/QSPI_LEGACY_MD_GEN.QSPI_CORE_INTERFACE_I/RESET_SYNC_AXI_SPI_CLK_INST/Rst_to_spi                                                                                                                         |                1 |              8 |
|  design_1_i/clk_wiz_1/inst/clk_out1  | design_1_i/axi_quad_spi_0/U0/QSPI_LEGACY_MD_GEN.QSPI_CORE_INTERFACE_I/LOGIC_FOR_MD_0_GEN.SPI_MODULE_I/SPIXfer_done_int_pulse_d1                                                                                                        |                                                                                                                                                                                                                                      |                4 |              8 |
|  design_1_i/clk_wiz_1/inst/clk_out1  | design_1_i/axi_quad_spi_0/U0/QSPI_LEGACY_MD_GEN.QSPI_CORE_INTERFACE_I/LOGIC_FOR_MD_0_GEN.SPI_MODULE_I/OTHER_RATIO_GENERATE.Shift_Reg[0]_i_1_n_0                                                                                        | design_1_i/axi_quad_spi_0/U0/QSPI_LEGACY_MD_GEN.QSPI_CORE_INTERFACE_I/RESET_SYNC_AXI_SPI_CLK_INST/Rst_to_spi                                                                                                                         |                3 |              8 |
|  design_1_i/clk_wiz_1/inst/clk_out1  | design_1_i/axi_quad_spi_0/U0/QSPI_LEGACY_MD_GEN.QSPI_CORE_INTERFACE_I/FIFO_EXISTS.TX_FIFO_II/USE_2N_DEPTH.V6_S6_AND_LATER.I_ASYNC_FIFO_BRAM/inst_fifo_gen/gconvfifo.rf/grf.rf/gntv_or_sync_fifo.gl0.rd/gr1.rfwft/E[0]                  | design_1_i/axi_quad_spi_0/U0/QSPI_LEGACY_MD_GEN.QSPI_CORE_INTERFACE_I/FIFO_EXISTS.TX_FIFO_II/USE_2N_DEPTH.V6_S6_AND_LATER.I_ASYNC_FIFO_BRAM/inst_fifo_gen/gconvfifo.rf/grf.rf/rstblk/Q[0]                                            |                1 |              8 |
|  design_1_i/clk_wiz_1/inst/clk_out1  | design_1_i/axi_quad_spi_0/U0/QSPI_LEGACY_MD_GEN.QSPI_CORE_INTERFACE_I/FIFO_EXISTS.RX_FIFO_II/USE_2N_DEPTH.V6_S6_AND_LATER.I_ASYNC_FIFO_BRAM/inst_fifo_gen/gconvfifo.rf/grf.rf/gntv_or_sync_fifo.gl0.rd/gr1.rfwft/gpr1.dout_i_reg[7][0] | design_1_i/axi_quad_spi_0/U0/QSPI_LEGACY_MD_GEN.QSPI_CORE_INTERFACE_I/FIFO_EXISTS.RX_FIFO_II/USE_2N_DEPTH.V6_S6_AND_LATER.I_ASYNC_FIFO_BRAM/inst_fifo_gen/gconvfifo.rf/grf.rf/rstblk/Q[0]                                            |                1 |              8 |
|  design_1_i/clk_wiz_1/inst/clk_out1  | design_1_i/axi_quad_spi_0/U0/QSPI_LEGACY_MD_GEN.QSPI_CORE_INTERFACE_I/FIFO_EXISTS.RX_FIFO_II/USE_2N_DEPTH.V6_S6_AND_LATER.I_ASYNC_FIFO_BRAM/inst_fifo_gen/gconvfifo.rf/grf.rf/gntv_or_sync_fifo.gl0.rd/gr1.rfwft/E[0]                  | design_1_i/axi_quad_spi_0/U0/QSPI_LEGACY_MD_GEN.QSPI_CORE_INTERFACE_I/FIFO_EXISTS.RX_FIFO_II/USE_2N_DEPTH.V6_S6_AND_LATER.I_ASYNC_FIFO_BRAM/inst_fifo_gen/gconvfifo.rf/grf.rf/rstblk/Q[0]                                            |                2 |              8 |
| ~design_1_i/mdm_1/U0/Ext_JTAG_UPDATE | design_1_i/mdm_1/U0/MDM_Core_I1/JTAG_CONTROL_I/command[0]_i_1_n_0                                                                                                                                                                      |                                                                                                                                                                                                                                      |                2 |              8 |
|  design_1_i/clk_wiz_1/inst/clk_out1  | design_1_i/axi_quad_spi_0/U0/QSPI_LEGACY_MD_GEN.AXI_LITE_IPIF_I/I_SLAVE_ATTACHMENT/I_DECODER/CONTROL_REG_5_9_GENERATE[9].SPICR_data_int_reg[9]_0                                                                                       | design_1_i/axi_quad_spi_0/U0/QSPI_LEGACY_MD_GEN.QSPI_CORE_INTERFACE_I/SOFT_RESET_I/reset2ip_reset_int                                                                                                                                |                2 |              8 |
|  design_1_i/mdm_1/U0/Ext_JTAG_DRCK   | design_1_i/mdm_1/U0/MDM_Core_I1/JTAG_CONTROL_I/tdi_shifter0                                                                                                                                                                            |                                                                                                                                                                                                                                      |                3 |              8 |
|  design_1_i/mdm_1/U0/Ext_JTAG_DRCK   | design_1_i/microblaze_0/U0/MicroBlaze_Core_I/Performance.Core/Use_Debug_Logic.Master_Core.Debug_Perf/Using_PC_Breakpoints.All_PC_Brks[0].address_hit_I/Compare[1].SRLC16E_I/Performace_Debug_Control.ex_dbg_hit_reg[0]                 |                                                                                                                                                                                                                                      |                7 |              8 |
|  design_1_i/mdm_1/U0/Ext_JTAG_UPDATE | design_1_i/mdm_1/U0/MDM_Core_I1/JTAG_CONTROL_I/command_1[0]_i_1_n_0                                                                                                                                                                    |                                                                                                                                                                                                                                      |                1 |              8 |
|  design_1_i/clk_wiz_1/inst/clk_out1  |                                                                                                                                                                                                                                        | design_1_i/axi_uartlite_0/U0/AXI_LITE_IPIF_I/I_SLAVE_ATTACHMENT/rst                                                                                                                                                                  |                3 |              8 |
|  design_1_i/clk_wiz_1/inst/clk_out1  | design_1_i/axi_uartlite_0/U0/UARTLITE_CORE_I/UARTLITE_RX_I/SRL_FIFO_I/I_SRL_FIFO_RBU_F/DYNSHREG_F_I/fifo_wr                                                                                                                            |                                                                                                                                                                                                                                      |                1 |              8 |
|  design_1_i/clk_wiz_1/inst/clk_out1  | design_1_i/axi_uartlite_0/U0/AXI_LITE_IPIF_I/I_SLAVE_ATTACHMENT/s_axi_rdata_i[7]_i_1_n_0                                                                                                                                               | design_1_i/axi_uartlite_0/U0/AXI_LITE_IPIF_I/I_SLAVE_ATTACHMENT/rst                                                                                                                                                                  |                3 |              8 |
|  design_1_i/clk_wiz_1/inst/clk_out1  | design_1_i/microblaze_0/U0/MicroBlaze_Core_I/Performance.Core/Decode_I/Use_MuxCy[3].OF_Piperun_Stage/MUXCY_I/p_82_in                                                                                                                   | design_1_i/microblaze_0/U0/MicroBlaze_Core_I/Reset_DFF/sync[2]                                                                                                                                                                       |                3 |              9 |
|  design_1_i/clk_wiz_1/inst/clk_out1  | design_1_i/axi_quad_spi_0/U0/QSPI_LEGACY_MD_GEN.AXI_LITE_IPIF_I/I_SLAVE_ATTACHMENT/I_DECODER/E[0]                                                                                                                                      | design_1_i/axi_quad_spi_0/U0/QSPI_LEGACY_MD_GEN.QSPI_CORE_INTERFACE_I/SOFT_RESET_I/reset2ip_reset_int                                                                                                                                |                2 |              9 |
|  design_1_i/mdm_1/U0/Ext_JTAG_DRCK   | design_1_i/mdm_1/U0/MDM_Core_I1/JTAG_CONTROL_I/completion_status[9]_i_1_n_0                                                                                                                                                            |                                                                                                                                                                                                                                      |                3 |             10 |
|  design_1_i/clk_wiz_1/inst/clk_out1  | design_1_i/axi_uartlite_0/U0/UARTLITE_CORE_I/BAUD_RATE_I/en_16x_Baud                                                                                                                                                                   | design_1_i/axi_uartlite_0/U0/UARTLITE_CORE_I/UARTLITE_RX_I/SR[0]                                                                                                                                                                     |                3 |             10 |
|  design_1_i/clk_wiz_1/inst/clk_out1  | design_1_i/microblaze_0/U0/MicroBlaze_Core_I/Performance.Core/Decode_I/PC_Module_I/bt_clearing0                                                                                                                                        | design_1_i/microblaze_0/U0/MicroBlaze_Core_I/Reset_DFF/Use_BTC_2.bt_addr_count_reg[9][0]                                                                                                                                             |                3 |             10 |
|  design_1_i/clk_wiz_1/inst/clk_out1  | design_1_i/microblaze_0_axi_periph/xbar/inst/gen_sasd.crossbar_sasd_0/addr_arbiter_inst/s_axi_rvalid[0]                                                                                                                                | design_1_i/microblaze_0/U0/MicroBlaze_Core_I/Reset_DFF/sync[2]                                                                                                                                                                       |                4 |             11 |
|  design_1_i/clk_wiz_1/inst/clk_out1  | design_1_i/axi_quad_spi_0/U0/QSPI_LEGACY_MD_GEN.AXI_LITE_IPIF_I/I_SLAVE_ATTACHMENT/s_axi_rdata_i                                                                                                                                       | design_1_i/axi_quad_spi_0/U0/QSPI_LEGACY_MD_GEN.AXI_LITE_IPIF_I/I_SLAVE_ATTACHMENT/SR                                                                                                                                                |                2 |             11 |
|  design_1_i/clk_wiz_1/inst/clk_out1  | design_1_i/axi_quad_spi_0/U0/QSPI_LEGACY_MD_GEN.QSPI_CORE_INTERFACE_I/FIFO_EXISTS.TX_FIFO_II/USE_2N_DEPTH.V6_S6_AND_LATER.I_ASYNC_FIFO_BRAM/inst_fifo_gen/gconvfifo.rf/grf.rf/gntv_or_sync_fifo.gl0.rd/gr1.rfwft/gc1.count_reg[3][0]   | design_1_i/axi_quad_spi_0/U0/QSPI_LEGACY_MD_GEN.QSPI_CORE_INTERFACE_I/FIFO_EXISTS.TX_FIFO_II/USE_2N_DEPTH.V6_S6_AND_LATER.I_ASYNC_FIFO_BRAM/inst_fifo_gen/gconvfifo.rf/grf.rf/rstblk/Q[2]                                            |                2 |             12 |
|  design_1_i/clk_wiz_1/inst/clk_out1  | design_1_i/microblaze_0_axi_periph/xbar/inst/gen_sasd.crossbar_sasd_0/reg_slice_r/aa_rready                                                                                                                                            |                                                                                                                                                                                                                                      |                5 |             12 |
|  design_1_i/clk_wiz_1/inst/clk_out1  |                                                                                                                                                                                                                                        | design_1_i/microblaze_0_axi_periph/xbar/inst/gen_sasd.crossbar_sasd_0/addr_arbiter_inst/SR[0]                                                                                                                                        |                3 |             12 |
|  design_1_i/clk_wiz_1/inst/clk_out1  | design_1_i/microblaze_0_axi_periph/xbar/inst/gen_sasd.crossbar_sasd_0/addr_arbiter_inst/E[0]                                                                                                                                           |                                                                                                                                                                                                                                      |                6 |             12 |
|  design_1_i/clk_wiz_1/inst/clk_out1  | design_1_i/axi_quad_spi_0/U0/QSPI_LEGACY_MD_GEN.QSPI_CORE_INTERFACE_I/FIFO_EXISTS.RX_FIFO_II/USE_2N_DEPTH.V6_S6_AND_LATER.I_ASYNC_FIFO_BRAM/inst_fifo_gen/gconvfifo.rf/grf.rf/gntv_or_sync_fifo.gl0.rd/gr1.rfwft/gc1.count_reg[3][0]   | design_1_i/axi_quad_spi_0/U0/QSPI_LEGACY_MD_GEN.QSPI_CORE_INTERFACE_I/FIFO_EXISTS.RX_FIFO_II/USE_2N_DEPTH.V6_S6_AND_LATER.I_ASYNC_FIFO_BRAM/inst_fifo_gen/gconvfifo.rf/grf.rf/rstblk/Q[2]                                            |                2 |             12 |
|  design_1_i/clk_wiz_1/inst/clk_out1  | design_1_i/axi_quad_spi_0/U0/QSPI_LEGACY_MD_GEN.QSPI_CORE_INTERFACE_I/FIFO_EXISTS.TX_FIFO_II/USE_2N_DEPTH.V6_S6_AND_LATER.I_ASYNC_FIFO_BRAM/inst_fifo_gen/gconvfifo.rf/grf.rf/gntv_or_sync_fifo.gl0.wr/gwas.wsts/E[0]                  | design_1_i/axi_quad_spi_0/U0/QSPI_LEGACY_MD_GEN.QSPI_CORE_INTERFACE_I/FIFO_EXISTS.TX_FIFO_II/USE_2N_DEPTH.V6_S6_AND_LATER.I_ASYNC_FIFO_BRAM/inst_fifo_gen/gconvfifo.rf/grf.rf/rstblk/gic0.gc1.count_d3_reg[0][1]                     |                3 |             16 |
|  design_1_i/clk_wiz_1/inst/clk_out1  | design_1_i/axi_quad_spi_0/U0/QSPI_LEGACY_MD_GEN.QSPI_CORE_INTERFACE_I/FIFO_EXISTS.TX_FIFO_II/USE_2N_DEPTH.V6_S6_AND_LATER.I_ASYNC_FIFO_BRAM/inst_fifo_gen/gconvfifo.rf/grf.rf/gntv_or_sync_fifo.gl0.wr/gwas.wsts/E[0]                  |                                                                                                                                                                                                                                      |                2 |             16 |
|  design_1_i/clk_wiz_1/inst/clk_out1  | design_1_i/microblaze_0/U0/MicroBlaze_Core_I/Performance.Core/Decode_I/PreFetch_Buffer_I1/Instruction_Prefetch_Mux[5].Gen_Instr_DFF/imm_reg_reg[0][0]                                                                                  | design_1_i/microblaze_0/U0/MicroBlaze_Core_I/Reset_DFF/sync[2]                                                                                                                                                                       |                4 |             16 |
|  design_1_i/clk_wiz_1/inst/clk_out1  | design_1_i/axi_quad_spi_0/U0/QSPI_LEGACY_MD_GEN.QSPI_CORE_INTERFACE_I/LOGIC_FOR_MD_0_GEN.SPI_MODULE_I/gic0.gc1.count_d1_reg[3][0]                                                                                                      | design_1_i/axi_quad_spi_0/U0/QSPI_LEGACY_MD_GEN.QSPI_CORE_INTERFACE_I/FIFO_EXISTS.RX_FIFO_II/USE_2N_DEPTH.V6_S6_AND_LATER.I_ASYNC_FIFO_BRAM/inst_fifo_gen/gconvfifo.rf/grf.rf/rstblk/gic0.gc1.count_reg[2][1]                        |                3 |             16 |
|  design_1_i/clk_wiz_1/inst/clk_out1  | design_1_i/axi_quad_spi_0/U0/QSPI_LEGACY_MD_GEN.QSPI_CORE_INTERFACE_I/LOGIC_FOR_MD_0_GEN.SPI_MODULE_I/gic0.gc1.count_d1_reg[3][0]                                                                                                      |                                                                                                                                                                                                                                      |                2 |             16 |
|  design_1_i/clk_wiz_1/inst/clk_out1  |                                                                                                                                                                                                                                        | design_1_i/axi_quad_spi_0/U0/QSPI_LEGACY_MD_GEN.QSPI_CORE_INTERFACE_I/FIFO_EXISTS.TX_FIFO_II/USE_2N_DEPTH.V6_S6_AND_LATER.I_ASYNC_FIFO_BRAM/inst_fifo_gen/gconvfifo.rf/grf.rf/rstblk/gic0.gc1.count_d3_reg[0][0]                     |                5 |             16 |
|  design_1_i/clk_wiz_1/inst/clk_out1  |                                                                                                                                                                                                                                        | design_1_i/axi_quad_spi_0/U0/QSPI_LEGACY_MD_GEN.QSPI_CORE_INTERFACE_I/FIFO_EXISTS.RX_FIFO_II/USE_2N_DEPTH.V6_S6_AND_LATER.I_ASYNC_FIFO_BRAM/inst_fifo_gen/gconvfifo.rf/grf.rf/rstblk/Q[1]                                            |                3 |             16 |
|  design_1_i/clk_wiz_1/inst/clk_out1  |                                                                                                                                                                                                                                        | design_1_i/axi_quad_spi_0/U0/QSPI_LEGACY_MD_GEN.QSPI_CORE_INTERFACE_I/FIFO_EXISTS.RX_FIFO_II/USE_2N_DEPTH.V6_S6_AND_LATER.I_ASYNC_FIFO_BRAM/inst_fifo_gen/gconvfifo.rf/grf.rf/rstblk/gic0.gc1.count_reg[2][0]                        |                3 |             16 |
|  design_1_i/clk_wiz_1/inst/clk_out1  |                                                                                                                                                                                                                                        | design_1_i/axi_quad_spi_0/U0/QSPI_LEGACY_MD_GEN.QSPI_CORE_INTERFACE_I/FIFO_EXISTS.TX_FIFO_II/USE_2N_DEPTH.V6_S6_AND_LATER.I_ASYNC_FIFO_BRAM/inst_fifo_gen/gconvfifo.rf/grf.rf/rstblk/Q[1]                                            |                3 |             16 |
|  design_1_i/clk_wiz_1/inst/clk_out1  | design_1_i/microblaze_0/U0/MicroBlaze_Core_I/Performance.Core/Decode_I/Use_MuxCy[10].OF_Piperun_Stage/MUXCY_I/lopt_6                                                                                                                   | design_1_i/microblaze_0/U0/MicroBlaze_Core_I/Performance.Core/Data_Flow_I/Data_Flow_Logic_I/SR[0]                                                                                                                                    |                5 |             17 |
|  design_1_i/clk_wiz_1/inst/clk_out1  |                                                                                                                                                                                                                                        | design_1_i/io_sd_cd/U0/AXI_LITE_IPIF_I/I_SLAVE_ATTACHMENT/SR                                                                                                                                                                         |                5 |             18 |
|  design_1_i/clk_wiz_1/inst/clk_out1  | design_1_i/microblaze_0/U0/MicroBlaze_Core_I/Performance.Core/Decode_I/Use_MuxCy[10].OF_Piperun_Stage/MUXCY_I/lopt_6                                                                                                                   | design_1_i/microblaze_0/U0/MicroBlaze_Core_I/Reset_DFF/sync[2]                                                                                                                                                                       |               10 |             19 |
|  design_1_i/clk_wiz_1/inst/clk_out1  | design_1_i/microblaze_0_axi_periph/xbar/inst/gen_sasd.crossbar_sasd_0/addr_arbiter_inst/p_0_in1_in                                                                                                                                     | design_1_i/microblaze_0_axi_periph/xbar/inst/gen_sasd.crossbar_sasd_0/addr_arbiter_inst/SR[0]                                                                                                                                        |                5 |             22 |
|  design_1_i/mdm_1/U0/Ext_JTAG_DRCK   |                                                                                                                                                                                                                                        | design_1_i/mdm_1/U0/MDM_Core_I1/shift_n_reset                                                                                                                                                                                        |                6 |             23 |
|  design_1_i/clk_wiz_1/inst/clk_out1  |                                                                                                                                                                                                                                        | design_1_i/io_sd_ctrl/U0/AXI_LITE_IPIF_I/I_SLAVE_ATTACHMENT/SR                                                                                                                                                                       |                8 |             23 |
|  design_1_i/clk_wiz_1/inst/clk_out1  | design_1_i/microblaze_0/U0/MicroBlaze_Core_I/Performance.Core/Decode_I/Use_MuxCy[3].OF_Piperun_Stage/MUXCY_I/mem_div_iterate1                                                                                                          |                                                                                                                                                                                                                                      |                7 |             24 |
|  design_1_i/clk_wiz_1/inst/clk_out1  | design_1_i/microblaze_0/U0/MicroBlaze_Core_I/Performance.Core/Data_Flow_I/FPU_I/Use_FPU.FPU_DIV_I/mem_Q_reg[8]_0                                                                                                                       | design_1_i/microblaze_0/U0/MicroBlaze_Core_I/Performance.Core/Data_Flow_I/FPU_I/Use_FPU.FPU_DIV_I/mem_reset_Q                                                                                                                        |                6 |             24 |
|  design_1_i/clk_wiz_1/inst/clk_out1  | design_1_i/microblaze_0/U0/MicroBlaze_Core_I/Performance.Core/Data_Flow_I/FPU_I/Use_FPU.FPU_DIV_I/mem_R[7]_i_1_n_0                                                                                                                     |                                                                                                                                                                                                                                      |                5 |             24 |
|  design_1_i/clk_wiz_1/inst/clk_out1  |                                                                                                                                                                                                                                        | design_1_i/microblaze_0/U0/MicroBlaze_Core_I/Performance.Core/Data_Flow_I/Data_Flow_Logic_I/MEM_Div_Dec_Exp_4_reg_0[0]                                                                                                               |                9 |             26 |
|  design_1_i/clk_wiz_1/inst/clk_out1  |                                                                                                                                                                                                                                        | design_1_i/axi_quad_spi_0/U0/QSPI_LEGACY_MD_GEN.AXI_LITE_IPIF_I/I_SLAVE_ATTACHMENT/SR                                                                                                                                                |                8 |             27 |
|  design_1_i/clk_wiz_1/inst/clk_out1  |                                                                                                                                                                                                                                        | design_1_i/axi_uartlite_0/U0/UARTLITE_CORE_I/UARTLITE_RX_I/SR[0]                                                                                                                                                                     |                9 |             29 |
|  design_1_i/clk_wiz_1/inst/clk_out1  | design_1_i/microblaze_0/U0/MicroBlaze_Core_I/Performance.Core/Decode_I/PC_Module_I/Use_BTC_2.Using_FPGA.bt_jump_carry_or/MUXCY_I/E[0]                                                                                                  | design_1_i/microblaze_0/U0/MicroBlaze_Core_I/Reset_DFF/sync[2]                                                                                                                                                                       |                9 |             30 |
|  design_1_i/clk_wiz_1/inst/clk_out1  | design_1_i/microblaze_0/U0/MicroBlaze_Core_I/Performance.Core/Decode_I/PC_Module_I/Use_BTC_2.bt_delayslot_target[0]_i_1_n_0                                                                                                            | design_1_i/microblaze_0/U0/MicroBlaze_Core_I/Reset_DFF/sync[2]                                                                                                                                                                       |                7 |             30 |
|  design_1_i/clk_wiz_1/inst/clk_out1  | design_1_i/microblaze_0/U0/MicroBlaze_Core_I/Performance.Core/Decode_I/Use_MuxCy[1].OF_Piperun_Stage/MUXCY_I/lopt_3                                                                                                                    | design_1_i/microblaze_0/U0/MicroBlaze_Core_I/Performance.Core/Decode_I/R                                                                                                                                                             |               13 |             32 |
|  design_1_i/mdm_1/U0/Ext_JTAG_DRCK   | design_1_i/microblaze_0/U0/MicroBlaze_Core_I/Performance.Core/Use_Debug_Logic.Master_Core.Debug_Perf/New_Dbg_Instr_TCK                                                                                                                 |                                                                                                                                                                                                                                      |                9 |             32 |
|  design_1_i/clk_wiz_1/inst/clk_out1  | design_1_i/microblaze_0/U0/MicroBlaze_Core_I/Performance.Core/Decode_I/ex_start_div                                                                                                                                                    |                                                                                                                                                                                                                                      |                8 |             32 |
|  design_1_i/clk_wiz_1/inst/clk_out1  | design_1_i/microblaze_0/U0/MicroBlaze_Core_I/Performance.Core/Decode_I/R_reg[32][0]                                                                                                                                                    | design_1_i/microblaze_0/U0/MicroBlaze_Core_I/Performance.Core/Decode_I/ex_start_div                                                                                                                                                  |                8 |             32 |
|  design_1_i/clk_wiz_1/inst/clk_out1  | design_1_i/axi_quad_spi_0/U0/QSPI_LEGACY_MD_GEN.AXI_LITE_IPIF_I/I_SLAVE_ATTACHMENT/start2                                                                                                                                              | design_1_i/axi_quad_spi_0/U0/QSPI_LEGACY_MD_GEN.AXI_LITE_IPIF_I/I_SLAVE_ATTACHMENT/I_DECODER/cs_ce_clr                                                                                                                               |               10 |             32 |
|  design_1_i/clk_wiz_1/inst/clk_out1  | design_1_i/microblaze_0/U0/MicroBlaze_Core_I/Performance.Core/Decode_I/Use_MuxCy[3].OF_Piperun_Stage/MUXCY_I/mem_pc_i_reg[0][0]                                                                                                        | design_1_i/microblaze_0/U0/MicroBlaze_Core_I/Reset_DFF/sync[2]                                                                                                                                                                       |                5 |             32 |
|  design_1_i/clk_wiz_1/inst/clk_out1  |                                                                                                                                                                                                                                        | design_1_i/microblaze_0/U0/MicroBlaze_Core_I/Reset_DFF/Use_DLMB.wb_dlmb_valid_read_data_reg[0][0]                                                                                                                                    |               13 |             32 |
|  design_1_i/clk_wiz_1/inst/clk_out1  | design_1_i/microblaze_0/U0/MicroBlaze_Core_I/Performance.Core/Use_Debug_Logic.Master_Core.Debug_Perf/data_rd_reg[0]_i_1_n_0                                                                                                            | design_1_i/microblaze_0/U0/MicroBlaze_Core_I/Reset_DFF/sync[2]                                                                                                                                                                       |               10 |             32 |
|  design_1_i/clk_wiz_1/inst/clk_out1  | design_1_i/microblaze_0/U0/MicroBlaze_Core_I/Performance.Core/Decode_I/Use_MuxCy[10].OF_Piperun_Stage/MUXCY_I/lopt_6                                                                                                                   |                                                                                                                                                                                                                                      |                8 |             32 |
|  design_1_i/clk_wiz_1/inst/clk_out1  | design_1_i/microblaze_0/U0/MicroBlaze_Core_I/Performance.Core/Decode_I/Use_MuxCy[10].OF_Piperun_Stage/MUXCY_I/lopt_6                                                                                                                   | design_1_i/microblaze_0/U0/MicroBlaze_Core_I/Reset_DFF/p_24_out                                                                                                                                                                      |                9 |             32 |
|  design_1_i/clk_wiz_1/inst/clk_out1  | design_1_i/microblaze_0/U0/MicroBlaze_Core_I/Performance.Core/Decode_I/Use_MuxCy[10].OF_Piperun_Stage/MUXCY_I/lopt_6                                                                                                                   | design_1_i/microblaze_0/U0/MicroBlaze_Core_I/Reset_DFF/WB_MEM_Result_reg[31][0]                                                                                                                                                      |                8 |             32 |
|  design_1_i/clk_wiz_1/inst/clk_out1  | design_1_i/microblaze_0/U0/MicroBlaze_Core_I/Performance.Core/Data_Flow_I/Using_Div_Unit.Div_unit_I1/Q0                                                                                                                                | design_1_i/microblaze_0/U0/MicroBlaze_Core_I/Performance.Core/Decode_I/Q_reg[32][0]                                                                                                                                                  |                9 |             33 |
|  design_1_i/clk_wiz_1/inst/clk_out1  | design_1_i/microblaze_0/U0/MicroBlaze_Core_I/Performance.Core/Decode_I/Use_MuxCy[1].OF_Piperun_Stage/MUXCY_I/lopt_3                                                                                                                    | design_1_i/microblaze_0/U0/MicroBlaze_Core_I/Reset_DFF/SR[0]                                                                                                                                                                         |               18 |             36 |
|  design_1_i/clk_wiz_1/inst/clk_out1  |                                                                                                                                                                                                                                        | design_1_i/axi_quad_spi_0/U0/QSPI_LEGACY_MD_GEN.QSPI_CORE_INTERFACE_I/RESET_SYNC_AXI_SPI_CLK_INST/Rst_to_spi                                                                                                                         |               11 |             42 |
|  design_1_i/mdm_1/U0/Ext_JTAG_DRCK   | design_1_i/mdm_1/U0/Dbg_Capture_0                                                                                                                                                                                                      |                                                                                                                                                                                                                                      |               11 |             46 |
|  design_1_i/clk_wiz_1/inst/clk_out1  | design_1_i/microblaze_0/U0/MicroBlaze_Core_I/Performance.Core/Decode_I/PreFetch_Buffer_I1/Gen_Mux_Select_LUT6[2].Gen_Sel_DFF/E[0]                                                                                                      | design_1_i/microblaze_0/U0/MicroBlaze_Core_I/Reset_DFF/sync[2]                                                                                                                                                                       |               20 |             54 |
|  design_1_i/clk_wiz_1/inst/clk_out1  | design_1_i/microblaze_0/U0/MicroBlaze_Core_I/Performance.Core/Decode_I/PreFetch_Buffer_I1/Gen_Mux_Select_LUT6[4].Mux_Select_LUT6/Using_FPGA.Native_0                                                                                   |                                                                                                                                                                                                                                      |               12 |             79 |
|  design_1_i/clk_wiz_1/inst/clk_out1  |                                                                                                                                                                                                                                        | design_1_i/axi_quad_spi_0/U0/QSPI_LEGACY_MD_GEN.QSPI_CORE_INTERFACE_I/SOFT_RESET_I/reset2ip_reset_int                                                                                                                                |               19 |             80 |
|  design_1_i/mdm_1/U0/Ext_JTAG_DRCK   |                                                                                                                                                                                                                                        |                                                                                                                                                                                                                                      |               30 |             86 |
|  design_1_i/clk_wiz_1/inst/clk_out1  | design_1_i/microblaze_0/U0/MicroBlaze_Core_I/Performance.Core/Decode_I/D[14]                                                                                                                                                           |                                                                                                                                                                                                                                      |               16 |            128 |
|  design_1_i/clk_wiz_1/inst/clk_out1  | design_1_i/microblaze_0/U0/MicroBlaze_Core_I/Performance.Core/Decode_I/Use_MuxCy[1].OF_Piperun_Stage/MUXCY_I/lopt_3                                                                                                                    | design_1_i/microblaze_0/U0/MicroBlaze_Core_I/Reset_DFF/sync[2]                                                                                                                                                                       |               63 |            150 |
|  design_1_i/clk_wiz_1/inst/clk_out1  |                                                                                                                                                                                                                                        | design_1_i/microblaze_0/U0/MicroBlaze_Core_I/Reset_DFF/sync[2]                                                                                                                                                                       |               87 |            193 |
|  design_1_i/clk_wiz_1/inst/clk_out1  | design_1_i/microblaze_0/U0/MicroBlaze_Core_I/Performance.Core/Decode_I/Use_MuxCy[8].OF_Piperun_Stage/MUXCY_I/lopt_3                                                                                                                    | design_1_i/microblaze_0/U0/MicroBlaze_Core_I/Reset_DFF/sync[2]                                                                                                                                                                       |               83 |            249 |
|  design_1_i/clk_wiz_1/inst/clk_out1  |                                                                                                                                                                                                                                        |                                                                                                                                                                                                                                      |              136 |            324 |
+--------------------------------------+----------------------------------------------------------------------------------------------------------------------------------------------------------------------------------------------------------------------------------------+--------------------------------------------------------------------------------------------------------------------------------------------------------------------------------------------------------------------------------------+------------------+----------------+


