#-----------------------------------------------------------
# Webtalk v2015.3 (64-bit)
# SW Build 1368829 on Mon Sep 28 20:06:43 MDT 2015
# IP Build 1367837 on Mon Sep 28 08:56:14 MDT 2015
# Start of session at: Tue Mar 29 20:13:27 2016
# Process ID: 6744
# Current directory: C:/Users/Fadime/Documents/ECE532/PROJECT/NexysVideo-master/Projects/hdmi/proj
# Command line: wbtcv.exe -mode batch -source c:/users/fadime/documents/ece532/project/nexysvideo-master/projects/hdmi/proj/hdmi.tmp/stone_detec_ip_v1_0_project/stone_detec_IP_v1_0_project.hw/webtalk/labtool_webtalk.tcl -notrace
# Log file: C:/Users/Fadime/Documents/ECE532/PROJECT/NexysVideo-master/Projects/hdmi/proj/webtalk.log
# Journal file: C:/Users/Fadime/Documents/ECE532/PROJECT/NexysVideo-master/Projects/hdmi/proj\webtalk.jou
#-----------------------------------------------------------
source c:/users/fadime/documents/ece532/project/nexysvideo-master/projects/hdmi/proj/hdmi.tmp/stone_detec_ip_v1_0_project/stone_detec_IP_v1_0_project.hw/webtalk/labtool_webtalk.tcl -notrace
